06:29:34 **** Build of configuration Debug for project watch_app ****
make all 
make --no-print-directory pre-build
a9-linaro-pre-build-step
' '
make --no-print-directory main-build
'Building file: ../src/main.c'
'Invoking: ARM v7 gcc compiler'
arm-none-eabi-gcc -Wall -O0 -g3 -c -fmessage-length=0 -MT"src/main.o" -mcpu=cortex-a9 -mfpu=vfpv3 -mfloat-abi=hard -IC:/FPGA/FPGA_project/FPGA_watch/vitis/design_1_wrapper/export/design_1_wrapper/sw/design_1_wrapper/standalone_ps7_cortexa9_0/bspinclude/include -MMD -MP -MF"src/main.d" -MT"src/main.o" -o "src/main.o" "../src/main.c"
../src/main.c: In function 'main':
../src/main.c:40:17: warning: implicit declaration of function 'usleep' [-Wimplicit-function-declaration]
   40 |                 usleep(10000);
      |                 ^~~~~~
'Finished building: ../src/main.c'
' '
'Building target: watch_app.elf'
'Invoking: ARM v7 gcc linker'
arm-none-eabi-gcc -mcpu=cortex-a9 -mfpu=vfpv3 -mfloat-abi=hard -Wl,-build-id=none -specs=Xilinx.spec -Wl,-T -Wl,../src/lscript.ld -LC:/FPGA/FPGA_project/FPGA_watch/vitis/design_1_wrapper/export/design_1_wrapper/sw/design_1_wrapper/standalone_ps7_cortexa9_0/bsplib/lib -o "watch_app.elf"  ./src/main.o   -Wl,--start-group,-lxil,-lgcc,-lc,--end-group
'Finished building target: watch_app.elf'
' '
'Invoking: ARM v7 Print Size'
arm-none-eabi-size watch_app.elf  |tee "watch_app.elf.size"
   text	   data	    bss	    dec	    hex	filename
  77226	   2550	  22640	 102416	  19010	watch_app.elf
'Finished building: watch_app.elf.size'
' '

06:29:35 Build Finished (took 1s.2ms)

